10:01:02 | INFO: Data are loaded, start creating Blender stuff
10:01:02 | INFO: Blender create Mesh node 0
10:01:02 | INFO: Blender create Mesh node 1
10:01:02 | INFO: Blender create Mesh node 2
10:01:02 | INFO: Blender create Mesh node 3
10:01:02 | INFO: Blender create Mesh node 4
10:01:02 | INFO: Blender create Mesh node 5
10:01:02 | INFO: Blender create Mesh node 6
10:01:02 | INFO: Blender create Mesh node 7
10:01:02 | INFO: Blender create Mesh node 8
10:01:02 | INFO: Blender create Mesh node 9
10:01:02 | INFO: Blender create Mesh node 10
10:01:02 | INFO: Blender create Mesh node 11
10:01:02 | INFO: Blender create Mesh node 12
10:01:02 | INFO: Blender create Mesh node 13
10:01:02 | INFO: Blender create Mesh node 14
10:01:02 | INFO: Blender create Mesh node 15
10:01:02 | INFO: Blender create Mesh node 16
10:01:02 | INFO: Blender create Mesh node 17
10:01:02 | INFO: Blender create Mesh node 18
10:01:02 | INFO: Blender create Mesh node 19
10:01:02 | INFO: Blender create Mesh node 20
10:01:02 | INFO: Blender create Mesh node 21
10:01:02 | INFO: Blender create Mesh node 22
10:01:02 | INFO: Blender create Mesh node 23
10:01:02 | INFO: Blender create Mesh node 24
10:01:02 | INFO: Blender create Mesh node 25
10:01:02 | INFO: Blender create Mesh node 26
10:01:02 | INFO: Blender create Mesh node 27
10:01:02 | INFO: Blender create Mesh node 28
10:01:02 | INFO: Blender create Mesh node 29
10:01:02 | INFO: Blender create Mesh node 30
10:01:02 | INFO: Blender create Mesh node 31
10:01:02 | INFO: Blender create Mesh node 32
10:01:02 | INFO: Blender create Mesh node 33
10:01:02 | INFO: Blender create Mesh node 34
10:01:02 | INFO: Blender create Mesh node 35
10:01:02 | INFO: Blender create Mesh node 36
10:01:02 | INFO: Blender create Mesh node 37
10:01:02 | INFO: Blender create Mesh node 38
10:01:02 | INFO: Blender create Mesh node 39
10:01:02 | INFO: Blender create Mesh node 40
10:01:02 | INFO: Blender create Mesh node 41
10:01:02 | INFO: Blender create Mesh node 42
10:01:02 | INFO: Blender create Mesh node 43
10:01:02 | INFO: Blender create Mesh node 44
10:01:02 | INFO: Blender create Mesh node 45
10:01:02 | INFO: Blender create Mesh node 46
10:01:02 | INFO: Blender create Mesh node 47
10:01:02 | INFO: Blender create Mesh node 48
10:01:02 | INFO: Blender create Mesh node 49
10:01:02 | INFO: Blender create Mesh node 50
10:01:02 | INFO: Blender create Mesh node 51
10:01:02 | INFO: Blender create Mesh node 52
10:01:02 | INFO: Blender create Mesh node 53
10:01:02 | INFO: Blender create Mesh node 54
10:01:02 | INFO: Blender create Mesh node 55
10:01:02 | INFO: Blender create Mesh node 56
10:01:02 | INFO: Blender create Mesh node 57
10:01:02 | INFO: Blender create Mesh node 58
10:01:02 | INFO: Blender create Mesh node 59
10:01:02 | INFO: Blender create Mesh node 60
10:01:02 | INFO: Blender create Mesh node 61
10:01:02 | INFO: Blender create Mesh node 62
10:01:02 | INFO: Blender create Mesh node 63
10:01:02 | INFO: Blender create Mesh node 64
10:01:02 | INFO: Blender create Mesh node 65
10:01:02 | INFO: Blender create Mesh node 66
10:01:02 | INFO: Blender create Mesh node 67
10:01:02 | INFO: Blender create Mesh node 68
10:01:02 | INFO: Blender create Mesh node 69
10:01:02 | INFO: Blender create Mesh node 70
10:01:02 | INFO: Blender create Mesh node 71
10:01:02 | INFO: Blender create Mesh node 72
10:01:02 | INFO: Blender create Mesh node 73
10:01:02 | INFO: Blender create Mesh node 74
10:01:02 | INFO: Blender create Mesh node 75
10:01:02 | INFO: Blender create Mesh node 76
10:01:02 | INFO: Blender create Mesh node 77
10:01:02 | INFO: Blender create Mesh node 78
10:01:02 | INFO: Blender create Mesh node 79
10:01:02 | INFO: Blender create Mesh node 80
10:01:02 | INFO: Blender create Mesh node 81
10:01:02 | INFO: Blender create Mesh node 82
10:01:02 | INFO: Blender create Mesh node 83
10:01:02 | INFO: Blender create Mesh node 84
10:01:02 | INFO: Blender create Mesh node 85
10:01:02 | INFO: Blender create Mesh node 86
10:01:02 | INFO: Blender create Mesh node 87
10:01:02 | INFO: Blender create Mesh node 88
10:01:02 | INFO: Blender create Mesh node 89
10:01:02 | INFO: Blender create Mesh node 90
10:01:02 | INFO: Blender create Mesh node 91
10:01:02 | INFO: Blender create Mesh node 92
10:01:02 | INFO: Blender create Mesh node 93
10:01:02 | INFO: Blender create Mesh node 94
10:01:02 | INFO: Blender create Mesh node 95
10:01:02 | INFO: Blender create Mesh node 96
10:01:02 | INFO: Blender create Mesh node 97
10:01:02 | INFO: Blender create Mesh node 98
10:01:02 | INFO: Blender create Mesh node 99
10:01:02 | INFO: Blender create Mesh node 100
10:01:02 | INFO: Blender create Mesh node 101
10:01:02 | INFO: Blender create Mesh node 102
10:01:02 | INFO: Blender create Mesh node 103
10:01:02 | INFO: Blender create Mesh node 104
10:01:02 | INFO: Blender create Mesh node 105
10:01:02 | INFO: Blender create Mesh node 106
10:01:02 | INFO: Blender create Mesh node 107
10:01:02 | INFO: Blender create Mesh node 108
10:01:02 | INFO: Blender create Mesh node 109
10:01:02 | INFO: Blender create Mesh node 110
10:01:02 | INFO: Blender create Mesh node 111
10:01:02 | INFO: Blender create Mesh node 112
10:01:02 | INFO: Blender create Mesh node 113
10:01:02 | INFO: Blender create Mesh node 114
10:01:02 | INFO: Blender create Mesh node 115
10:01:02 | INFO: Blender create Mesh node 116
10:01:02 | INFO: Blender create Mesh node 117
10:01:02 | INFO: Blender create Mesh node 118
10:01:02 | INFO: Blender create Mesh node 119
10:01:02 | INFO: Blender create Mesh node 120
10:01:02 | INFO: Blender create Mesh node 121
10:01:02 | INFO: Blender create Mesh node 122
10:01:02 | INFO: Blender create Mesh node 123
10:01:02 | INFO: Blender create Mesh node 124
10:01:02 | INFO: Blender create Mesh node 125
10:01:02 | INFO: Blender create Mesh node 126
10:01:02 | INFO: Blender create Mesh node 127
10:01:02 | INFO: Blender create Mesh node 128
10:01:02 | INFO: Blender create Mesh node 129
10:01:02 | INFO: Blender create Mesh node 130
10:01:02 | INFO: Blender create Mesh node 131
10:01:02 | INFO: Blender create Mesh node 132
10:01:02 | INFO: Blender create Mesh node 133
10:01:02 | INFO: Blender create Mesh node 134
10:01:02 | INFO: Blender create Mesh node 135
10:01:02 | INFO: Blender create Mesh node 136
10:01:02 | INFO: Blender create Mesh node 137
10:01:02 | INFO: Blender create Mesh node 138
10:01:02 | INFO: Blender create Mesh node 139
10:01:02 | INFO: Blender create Mesh node 140
10:01:02 | INFO: Blender create Mesh node 141
10:01:02 | INFO: Blender create Mesh node 142
10:01:02 | INFO: Blender create Mesh node 143
10:01:02 | INFO: Blender create Mesh node 144
10:01:02 | INFO: Blender create Mesh node 145
10:01:02 | INFO: Blender create Mesh node 146
10:01:02 | INFO: Blender create Mesh node 147
10:01:02 | INFO: Blender create Mesh node 148
10:01:02 | INFO: Blender create Mesh node 149
10:01:02 | INFO: Blender create Mesh node 150
10:01:02 | INFO: Blender create Mesh node 151
10:01:02 | INFO: Blender create Mesh node 152
10:01:02 | INFO: Blender create Mesh node 153
10:01:02 | INFO: Blender create Mesh node 154
10:01:02 | INFO: Blender create Mesh node 155
10:01:02 | INFO: Blender create Mesh node 156
10:01:02 | INFO: Blender create Mesh node 157
10:01:02 | INFO: Blender create Mesh node 158
10:01:02 | INFO: Blender create Mesh node 159
10:01:02 | INFO: Blender create Mesh node 160
10:01:02 | INFO: Blender create Mesh node 161
10:01:02 | INFO: Blender create Mesh node 162
10:01:02 | INFO: Blender create Mesh node 163
10:01:02 | INFO: Blender create Mesh node 164
10:01:02 | INFO: Blender create Mesh node 165
10:01:02 | INFO: Blender create Mesh node 166
10:01:02 | INFO: Blender create Mesh node 167
10:01:02 | INFO: Blender create Mesh node 168
10:01:02 | INFO: Blender create Mesh node 169
10:01:02 | INFO: Blender create Mesh node 170
10:01:02 | INFO: Blender create Mesh node 171
10:01:02 | INFO: Blender create Mesh node 172
10:01:02 | INFO: Blender create Mesh node 173
10:01:02 | INFO: Blender create Mesh node 174
10:01:02 | INFO: Blender create Mesh node 175
10:01:02 | INFO: Blender create Mesh node 176
10:01:02 | INFO: Blender create Mesh node 177
10:01:02 | INFO: Blender create Mesh node 178
10:01:02 | INFO: Blender create Mesh node 179
10:01:02 | INFO: Blender create Mesh node 180
10:01:02 | INFO: Blender create Mesh node 181
10:01:02 | INFO: Blender create Mesh node 182
10:01:02 | INFO: Blender create Mesh node 183
10:01:02 | INFO: Blender create Mesh node 184
10:01:02 | INFO: Blender create Mesh node 185
10:01:02 | INFO: Blender create Mesh node 186
10:01:02 | INFO: Blender create Mesh node 187
10:01:02 | INFO: Blender create Mesh node 188
10:01:02 | INFO: Blender create Mesh node 189
10:01:02 | INFO: Blender create Mesh node 190
10:01:02 | INFO: Blender create Mesh node 191
10:01:02 | INFO: Blender create Mesh node 192
10:01:02 | INFO: Blender create Mesh node 193
10:01:02 | INFO: Blender create Mesh node 194
10:01:02 | INFO: Blender create Mesh node 195
10:01:02 | INFO: Blender create Mesh node 196
10:01:02 | INFO: Blender create Mesh node 197
10:01:02 | INFO: Blender create Mesh node 198
10:01:02 | INFO: Blender create Mesh node 199
10:01:02 | INFO: Blender create Mesh node 200
10:01:02 | INFO: Blender create Mesh node 201
10:01:02 | INFO: Blender create Mesh node 202
10:01:02 | INFO: Blender create Mesh node 203
10:01:02 | INFO: Blender create Mesh node 204
10:01:02 | INFO: Blender create Mesh node 205
10:01:02 | INFO: Blender create Mesh node 206
10:01:02 | INFO: Blender create Mesh node 207
10:01:02 | INFO: Blender create Mesh node 208
10:01:02 | INFO: Blender create Mesh node 209
10:01:02 | INFO: Blender create Mesh node 210
10:01:02 | INFO: Blender create Mesh node 211
10:01:02 | INFO: Blender create Mesh node 212
10:01:02 | INFO: Blender create Mesh node 213
10:01:02 | INFO: Blender create Mesh node 214
10:01:02 | INFO: Blender create Mesh node 215
10:01:02 | INFO: Blender create Mesh node 216
10:01:02 | INFO: Blender create Mesh node 217
10:01:02 | INFO: Blender create Mesh node 218
10:01:02 | INFO: Blender create Mesh node 219
10:01:02 | INFO: Blender create Mesh node 220
10:01:02 | INFO: Blender create Mesh node 221
10:01:02 | INFO: Blender create Mesh node 222
10:01:02 | INFO: Blender create Mesh node 223
10:01:02 | INFO: Blender create Mesh node 224
10:01:02 | INFO: Blender create Mesh node 225
10:01:02 | INFO: Blender create Mesh node 226
10:01:02 | INFO: Blender create Mesh node 227
10:01:02 | INFO: Blender create Mesh node 228
10:01:02 | INFO: Blender create Mesh node 229
10:01:02 | INFO: Blender create Mesh node 230
10:01:02 | INFO: Blender create Mesh node 231
10:01:02 | INFO: Blender create Mesh node 232
10:01:02 | INFO: Blender create Mesh node 233
10:01:02 | INFO: Blender create Mesh node 234
10:01:02 | INFO: Blender create Mesh node 235
10:01:02 | INFO: Blender create Mesh node 236
10:01:02 | INFO: Blender create Mesh node 237
10:01:02 | INFO: Blender create Mesh node 238
10:01:02 | INFO: Blender create Mesh node 239
10:01:02 | INFO: Blender create Mesh node 240
10:01:02 | INFO: Blender create Mesh node 241
10:01:02 | INFO: Blender create Mesh node 242
10:01:02 | INFO: Blender create Mesh node 243
10:01:02 | INFO: Blender create Mesh node 244
10:01:02 | INFO: Blender create Mesh node 245
10:01:02 | INFO: Blender create Mesh node 246
10:01:02 | INFO: Blender create Mesh node 247
10:01:02 | INFO: Blender create Mesh node 248
10:01:02 | INFO: Blender create Mesh node 249
10:01:02 | INFO: Blender create Mesh node 250
10:01:02 | INFO: Blender create Mesh node 251
10:01:02 | INFO: Blender create Mesh node 252
10:01:02 | INFO: Blender create Mesh node 253
10:01:02 | INFO: Blender create Mesh node 254
10:01:02 | INFO: Blender create Mesh node 255
10:01:02 | INFO: Blender create Mesh node 256
10:01:02 | INFO: Blender create Mesh node 257
10:01:02 | INFO: Blender create Mesh node 258
10:01:02 | INFO: Blender create Mesh node 259
10:01:02 | INFO: Blender create Mesh node 260
10:01:02 | INFO: Blender create Mesh node 261
10:01:02 | INFO: Blender create Mesh node 262
10:01:02 | INFO: Blender create Mesh node 263
10:01:02 | INFO: Blender create Mesh node 264
10:01:02 | INFO: Blender create Mesh node 265
10:01:02 | INFO: Blender create Mesh node 266
10:01:02 | INFO: Blender create Mesh node 267
10:01:02 | INFO: Blender create Mesh node 268
10:01:02 | INFO: Blender create Mesh node 269
10:01:02 | INFO: Blender create Mesh node 270
10:01:02 | INFO: Blender create Mesh node 271
10:01:02 | INFO: Blender create Mesh node 272
10:01:02 | INFO: Blender create Mesh node 273
10:01:02 | INFO: Blender create Mesh node 274
10:01:02 | INFO: Blender create Mesh node 275
10:01:02 | INFO: Blender create Mesh node 276
10:01:02 | INFO: Blender create Mesh node 277
10:01:02 | INFO: Blender create Mesh node 278
10:01:02 | INFO: Blender create Mesh node 279
10:01:02 | INFO: Blender create Mesh node 280
10:01:02 | INFO: Blender create Mesh node 281
10:01:02 | INFO: Blender create Mesh node 282
10:01:02 | INFO: Blender create Mesh node 283
10:01:02 | INFO: Blender create Mesh node 284
10:01:02 | INFO: Blender create Mesh node 285
10:01:02 | INFO: Blender create Mesh node 286
10:01:02 | INFO: Blender create Mesh node 287
10:01:02 | INFO: Blender create Mesh node 288
10:01:02 | INFO: Blender create Mesh node 289
10:01:02 | INFO: Blender create Mesh node 290
10:01:02 | INFO: Blender create Mesh node 291
10:01:02 | INFO: Blender create Mesh node 292
10:01:02 | INFO: Blender create Mesh node 293
10:01:02 | INFO: Blender create Mesh node 294
10:01:02 | INFO: Blender create Mesh node 295
10:01:02 | INFO: Blender create Mesh node 296
10:01:02 | INFO: Blender create Mesh node 297
10:01:02 | INFO: Blender create Mesh node 298
10:01:02 | INFO: Blender create Mesh node 299
10:01:02 | INFO: Blender create Mesh node 300
10:01:02 | INFO: Blender create Mesh node 301
10:01:02 | INFO: Blender create Mesh node 302
10:01:02 | INFO: Blender create Mesh node 303
10:01:02 | INFO: Blender create Mesh node 304
10:01:02 | INFO: Blender create Mesh node 305
10:01:02 | INFO: Blender create Mesh node 306
10:01:02 | INFO: Blender create Mesh node 307
10:01:02 | INFO: Blender create Mesh node 308
10:01:02 | INFO: Blender create Mesh node 309
10:01:02 | INFO: Blender create Mesh node 310
10:01:02 | INFO: Blender create Mesh node 311
10:01:02 | INFO: Blender create Mesh node 312
10:01:02 | INFO: Blender create Mesh node 313
10:01:02 | INFO: Blender create Mesh node 314
10:01:02 | INFO: Blender create Mesh node 315
10:01:02 | INFO: Blender create Mesh node 316
10:01:02 | INFO: Blender create Mesh node 317
10:01:02 | INFO: Blender create Mesh node 318
10:01:02 | INFO: Blender create Mesh node 319
10:01:02 | INFO: Blender create Mesh node 320
10:01:02 | INFO: Blender create Mesh node 321
10:01:02 | INFO: Blender create Mesh node 322
10:01:02 | INFO: Blender create Mesh node 323
10:01:02 | INFO: Blender create Mesh node 324
10:01:02 | INFO: Blender create Mesh node 325
10:01:02 | INFO: Blender create Mesh node 326
10:01:02 | INFO: Blender create Mesh node 327
10:01:02 | INFO: Blender create Mesh node 328
10:01:02 | INFO: Blender create Mesh node 329
10:01:02 | INFO: Blender create Mesh node 330
10:01:02 | INFO: Blender create Mesh node 331
10:01:02 | INFO: Blender create Mesh node 332
10:01:02 | INFO: Blender create Mesh node 333
10:01:02 | INFO: Blender create Mesh node 334
10:01:02 | INFO: Blender create Mesh node 335
10:01:02 | INFO: Blender create Mesh node 336
10:01:02 | INFO: Blender create Mesh node 337
10:01:02 | INFO: Blender create Mesh node 338
10:01:02 | INFO: Blender create Mesh node 339
10:01:02 | INFO: Blender create Mesh node 340
10:01:02 | INFO: Blender create Mesh node 341
10:01:02 | INFO: Blender create Mesh node 342
10:01:02 | INFO: Blender create Mesh node 343
10:01:02 | INFO: Blender create Mesh node 344
10:01:02 | INFO: Blender create Mesh node 345
10:01:02 | INFO: Blender create Mesh node 346
10:01:02 | INFO: Blender create Mesh node 347
10:01:02 | INFO: Blender create Mesh node 348
10:01:02 | INFO: Blender create Mesh node 349
10:01:02 | INFO: Blender create Mesh node 350
10:01:02 | INFO: Blender create Mesh node 351
10:01:02 | INFO: Blender create Mesh node 352
10:01:02 | INFO: Blender create Mesh node 353
10:01:02 | INFO: Blender create Mesh node 354
10:01:02 | INFO: Blender create Mesh node 355
10:01:02 | INFO: Blender create Mesh node 356
10:01:02 | INFO: Blender create Mesh node 357
10:01:02 | INFO: Blender create Mesh node 358
10:01:02 | INFO: Blender create Mesh node 359
10:01:03 | INFO: Blender create Mesh node 360
10:01:03 | INFO: Blender create Mesh node 361
10:01:03 | INFO: Blender create Mesh node 362
10:01:03 | INFO: Blender create Mesh node 363
10:01:03 | INFO: Blender create Mesh node 364
10:01:03 | INFO: Blender create Mesh node 365
10:01:03 | INFO: Blender create Mesh node 366
10:01:03 | INFO: Blender create Mesh node 367
10:01:03 | INFO: Blender create Mesh node 368
10:01:03 | INFO: Blender create Mesh node 369
10:01:03 | INFO: Blender create Mesh node 370
10:01:03 | INFO: Blender create Mesh node 371
10:01:03 | INFO: Blender create Mesh node 372
10:01:03 | INFO: Blender create Mesh node 373
10:01:03 | INFO: Blender create Mesh node 374
10:01:03 | INFO: Blender create Mesh node 375
10:01:03 | INFO: Blender create Mesh node 376
10:01:03 | INFO: Blender create Mesh node 377
10:01:03 | INFO: Blender create Mesh node 378
10:01:03 | INFO: Blender create Mesh node 379
10:01:03 | INFO: Blender create Mesh node 380
10:01:03 | INFO: Blender create Mesh node 381
10:01:03 | INFO: Blender create Mesh node 382
10:01:03 | INFO: Blender create Mesh node 383
10:01:03 | INFO: Blender create Mesh node 384
10:01:03 | INFO: Blender create Mesh node 385
10:01:03 | INFO: Blender create Mesh node 386
10:01:03 | INFO: Blender create Mesh node 387
10:01:03 | INFO: glTF import finished in 0.27s
00:08.672  render           | Saved: '@workspace\work\world-observation-viewport-053\cpu-review-001\viewport-review.png'
Blender 5.1.2 (hash ec6e62d40fa9 built 2026-05-19 01:37:34)

Blender quit
