05:34:16 | INFO: Data are loaded, start creating Blender stuff
05:34:16 | INFO: Blender create Mesh node 0
05:34:16 | INFO: Blender create Mesh node 1
05:34:16 | INFO: Blender create Mesh node 2
05:34:16 | INFO: Blender create Mesh node 3
05:34:16 | INFO: Blender create Mesh node 4
05:34:16 | INFO: Blender create Mesh node 5
05:34:16 | INFO: Blender create Mesh node 6
05:34:16 | INFO: Blender create Mesh node 7
05:34:16 | INFO: Blender create Mesh node 8
05:34:17 | INFO: Blender create Mesh node 9
05:34:17 | INFO: Blender create Mesh node 10
05:34:17 | INFO: Blender create Mesh node 11
05:34:17 | INFO: Blender create Mesh node 12
05:34:17 | INFO: Blender create Mesh node 13
05:34:17 | INFO: Blender create Mesh node 14
05:34:17 | INFO: Blender create Mesh node 15
05:34:17 | INFO: Blender create Mesh node 16
05:34:17 | INFO: Blender create Mesh node 17
05:34:17 | INFO: Blender create Mesh node 18
05:34:17 | INFO: Blender create Mesh node 19
05:34:17 | INFO: Blender create Mesh node 20
05:34:17 | INFO: Blender create Mesh node 21
05:34:17 | INFO: Blender create Mesh node 22
05:34:17 | INFO: Blender create Mesh node 23
05:34:17 | INFO: Blender create Mesh node 24
05:34:17 | INFO: Blender create Mesh node 25
05:34:17 | INFO: Blender create Mesh node 26
05:34:17 | INFO: Blender create Mesh node 27
05:34:17 | INFO: Blender create Mesh node 28
05:34:17 | INFO: Blender create Mesh node 29
05:34:17 | INFO: Blender create Mesh node 30
05:34:17 | INFO: Blender create Mesh node 31
05:34:17 | INFO: Blender create Mesh node 32
05:34:17 | INFO: Blender create Mesh node 33
05:34:17 | INFO: Blender create Mesh node 34
05:34:17 | INFO: Blender create Mesh node 35
05:34:17 | INFO: Blender create Mesh node 36
05:34:17 | INFO: Blender create Mesh node 37
05:34:17 | INFO: Blender create Mesh node 38
05:34:17 | INFO: Blender create Mesh node 39
05:34:17 | INFO: Blender create Mesh node 40
05:34:17 | INFO: Blender create Mesh node 41
05:34:17 | INFO: Blender create Mesh node 42
05:34:17 | INFO: Blender create Mesh node 43
05:34:17 | INFO: Blender create Mesh node 44
05:34:17 | INFO: Blender create Mesh node 45
05:34:17 | INFO: Blender create Mesh node 46
05:34:17 | INFO: Blender create Mesh node 47
05:34:17 | INFO: Blender create Mesh node 48
05:34:17 | INFO: Blender create Mesh node 49
05:34:17 | INFO: Blender create Mesh node 50
05:34:17 | INFO: Blender create Mesh node 51
05:34:17 | INFO: Blender create Mesh node 52
05:34:17 | INFO: Blender create Mesh node 53
05:34:17 | INFO: Blender create Mesh node 54
05:34:17 | INFO: Blender create Mesh node 55
05:34:17 | INFO: Blender create Mesh node 56
05:34:17 | INFO: Blender create Mesh node 57
05:34:17 | INFO: Blender create Mesh node 58
05:34:17 | INFO: Blender create Mesh node 59
05:34:17 | INFO: Blender create Mesh node 60
05:34:17 | INFO: Blender create Mesh node 61
05:34:17 | INFO: Blender create Mesh node 62
05:34:17 | INFO: Blender create Mesh node 63
05:34:17 | INFO: Blender create Mesh node 64
05:34:17 | INFO: Blender create Mesh node 65
05:34:17 | INFO: Blender create Mesh node 66
05:34:17 | INFO: Blender create Mesh node 67
05:34:17 | INFO: Blender create Mesh node 68
05:34:17 | INFO: Blender create Mesh node 69
05:34:17 | INFO: Blender create Mesh node 70
05:34:17 | INFO: Blender create Mesh node 71
05:34:17 | INFO: Blender create Mesh node 72
05:34:17 | INFO: Blender create Mesh node 73
05:34:17 | INFO: Blender create Mesh node 74
05:34:17 | INFO: Blender create Mesh node 75
05:34:17 | INFO: Blender create Mesh node 76
05:34:17 | INFO: Blender create Mesh node 77
05:34:17 | INFO: Blender create Mesh node 78
05:34:17 | INFO: Blender create Mesh node 79
05:34:17 | INFO: Blender create Mesh node 80
05:34:17 | INFO: Blender create Mesh node 81
05:34:17 | INFO: Blender create Mesh node 82
05:34:17 | INFO: Blender create Mesh node 83
05:34:17 | INFO: Blender create Mesh node 84
05:34:17 | INFO: Blender create Mesh node 85
05:34:17 | INFO: Blender create Mesh node 86
05:34:17 | INFO: Blender create Mesh node 87
05:34:17 | INFO: Blender create Mesh node 88
05:34:17 | INFO: Blender create Mesh node 89
05:34:17 | INFO: Blender create Mesh node 90
05:34:17 | INFO: Blender create Mesh node 91
05:34:17 | INFO: Blender create Mesh node 92
05:34:17 | INFO: Blender create Mesh node 93
05:34:17 | INFO: Blender create Mesh node 94
05:34:17 | INFO: Blender create Mesh node 95
05:34:17 | INFO: Blender create Mesh node 96
05:34:17 | INFO: Blender create Mesh node 97
05:34:17 | INFO: Blender create Mesh node 98
05:34:17 | INFO: Blender create Mesh node 99
05:34:17 | INFO: Blender create Mesh node 100
05:34:17 | INFO: Blender create Mesh node 101
05:34:17 | INFO: Blender create Mesh node 102
05:34:17 | INFO: Blender create Mesh node 103
05:34:17 | INFO: Blender create Mesh node 104
05:34:17 | INFO: Blender create Mesh node 105
05:34:17 | INFO: Blender create Mesh node 106
05:34:17 | INFO: Blender create Mesh node 107
05:34:17 | INFO: Blender create Mesh node 108
05:34:17 | INFO: Blender create Mesh node 109
05:34:17 | INFO: Blender create Mesh node 110
05:34:17 | INFO: Blender create Mesh node 111
05:34:17 | INFO: Blender create Mesh node 112
05:34:17 | INFO: Blender create Mesh node 113
05:34:17 | INFO: Blender create Mesh node 114
05:34:17 | INFO: Blender create Mesh node 115
05:34:17 | INFO: Blender create Mesh node 116
05:34:17 | INFO: Blender create Mesh node 117
05:34:17 | INFO: Blender create Mesh node 118
05:34:17 | INFO: Blender create Mesh node 119
05:34:17 | INFO: Blender create Mesh node 120
05:34:17 | INFO: Blender create Mesh node 121
05:34:17 | INFO: Blender create Mesh node 122
05:34:17 | INFO: Blender create Mesh node 123
05:34:17 | INFO: Blender create Mesh node 124
05:34:17 | INFO: Blender create Mesh node 125
05:34:17 | INFO: Blender create Mesh node 126
05:34:17 | INFO: Blender create Mesh node 127
05:34:17 | INFO: Blender create Mesh node 128
05:34:17 | INFO: Blender create Mesh node 129
05:34:17 | INFO: Blender create Mesh node 130
05:34:17 | INFO: Blender create Mesh node 131
05:34:17 | INFO: Blender create Mesh node 132
05:34:17 | INFO: Blender create Mesh node 133
05:34:17 | INFO: Blender create Mesh node 134
05:34:17 | INFO: Blender create Mesh node 135
05:34:17 | INFO: Blender create Mesh node 136
05:34:17 | INFO: Blender create Mesh node 137
05:34:17 | INFO: Blender create Mesh node 138
05:34:17 | INFO: Blender create Mesh node 139
05:34:17 | INFO: Blender create Mesh node 140
05:34:17 | INFO: Blender create Mesh node 141
05:34:17 | INFO: Blender create Mesh node 142
05:34:17 | INFO: Blender create Mesh node 143
05:34:17 | INFO: Blender create Mesh node 144
05:34:17 | INFO: Blender create Mesh node 145
05:34:17 | INFO: Blender create Mesh node 146
05:34:17 | INFO: Blender create Mesh node 147
05:34:17 | INFO: Blender create Mesh node 148
05:34:17 | INFO: Blender create Mesh node 149
05:34:17 | INFO: Blender create Mesh node 150
05:34:17 | INFO: Blender create Mesh node 151
05:34:17 | INFO: Blender create Mesh node 152
05:34:17 | INFO: Blender create Mesh node 153
05:34:17 | INFO: Blender create Mesh node 154
05:34:17 | INFO: Blender create Mesh node 155
05:34:17 | INFO: Blender create Mesh node 156
05:34:17 | INFO: Blender create Mesh node 157
05:34:17 | INFO: Blender create Mesh node 158
05:34:17 | INFO: Blender create Mesh node 159
05:34:17 | INFO: Blender create Mesh node 160
05:34:17 | INFO: Blender create Mesh node 161
05:34:17 | INFO: Blender create Mesh node 162
05:34:17 | INFO: Blender create Mesh node 163
05:34:17 | INFO: Blender create Mesh node 164
05:34:17 | INFO: Blender create Mesh node 165
05:34:17 | INFO: Blender create Mesh node 166
05:34:17 | INFO: Blender create Mesh node 167
05:34:17 | INFO: Blender create Mesh node 168
05:34:17 | INFO: Blender create Mesh node 169
05:34:17 | INFO: Blender create Mesh node 170
05:34:17 | INFO: Blender create Mesh node 171
05:34:17 | INFO: Blender create Mesh node 172
05:34:17 | INFO: Blender create Mesh node 173
05:34:17 | INFO: Blender create Mesh node 174
05:34:17 | INFO: Blender create Mesh node 175
05:34:17 | INFO: Blender create Mesh node 176
05:34:17 | INFO: Blender create Mesh node 177
05:34:17 | INFO: Blender create Mesh node 178
05:34:17 | INFO: Blender create Mesh node 179
05:34:17 | INFO: Blender create Mesh node 180
05:34:17 | INFO: Blender create Mesh node 181
05:34:17 | INFO: Blender create Mesh node 182
05:34:17 | INFO: Blender create Mesh node 183
05:34:17 | INFO: Blender create Mesh node 184
05:34:17 | INFO: Blender create Mesh node 185
05:34:17 | INFO: Blender create Mesh node 186
05:34:17 | INFO: Blender create Mesh node 187
05:34:17 | INFO: Blender create Mesh node 188
05:34:17 | INFO: Blender create Mesh node 189
05:34:17 | INFO: Blender create Mesh node 190
05:34:17 | INFO: Blender create Mesh node 191
05:34:17 | INFO: Blender create Mesh node 192
05:34:17 | INFO: Blender create Mesh node 193
05:34:17 | INFO: Blender create Mesh node 194
05:34:17 | INFO: Blender create Mesh node 195
05:34:17 | INFO: Blender create Mesh node 196
05:34:17 | INFO: Blender create Mesh node 197
05:34:17 | INFO: Blender create Mesh node 198
05:34:17 | INFO: Blender create Mesh node 199
05:34:17 | INFO: Blender create Mesh node 200
05:34:17 | INFO: Blender create Mesh node 201
05:34:17 | INFO: Blender create Mesh node 202
05:34:17 | INFO: Blender create Mesh node 203
05:34:17 | INFO: Blender create Mesh node 204
05:34:17 | INFO: Blender create Mesh node 205
05:34:17 | INFO: Blender create Mesh node 206
05:34:17 | INFO: Blender create Mesh node 207
05:34:17 | INFO: Blender create Mesh node 208
05:34:17 | INFO: Blender create Mesh node 209
05:34:17 | INFO: Blender create Mesh node 210
05:34:17 | INFO: Blender create Mesh node 211
05:34:17 | INFO: Blender create Mesh node 212
05:34:17 | INFO: Blender create Mesh node 213
05:34:17 | INFO: Blender create Mesh node 214
05:34:17 | INFO: Blender create Mesh node 215
05:34:17 | INFO: Blender create Mesh node 216
05:34:17 | INFO: Blender create Mesh node 217
05:34:17 | INFO: Blender create Mesh node 218
05:34:17 | INFO: Blender create Mesh node 219
05:34:17 | INFO: Blender create Mesh node 220
05:34:17 | INFO: Blender create Mesh node 221
05:34:17 | INFO: Blender create Mesh node 222
05:34:17 | INFO: Blender create Mesh node 223
05:34:17 | INFO: Blender create Mesh node 224
05:34:17 | INFO: Blender create Mesh node 225
05:34:17 | INFO: Blender create Mesh node 226
05:34:17 | INFO: Blender create Mesh node 227
05:34:17 | INFO: Blender create Mesh node 228
05:34:17 | INFO: Blender create Mesh node 229
05:34:17 | INFO: Blender create Mesh node 230
05:34:17 | INFO: Blender create Mesh node 231
05:34:17 | INFO: Blender create Mesh node 232
05:34:17 | INFO: Blender create Mesh node 233
05:34:17 | INFO: Blender create Mesh node 234
05:34:17 | INFO: Blender create Mesh node 235
05:34:17 | INFO: Blender create Mesh node 236
05:34:17 | INFO: Blender create Mesh node 237
05:34:17 | INFO: Blender create Mesh node 238
05:34:17 | INFO: Blender create Mesh node 239
05:34:17 | INFO: Blender create Mesh node 240
05:34:17 | INFO: Blender create Mesh node 241
05:34:17 | INFO: Blender create Mesh node 242
05:34:17 | INFO: Blender create Mesh node 243
05:34:17 | INFO: Blender create Mesh node 244
05:34:17 | INFO: Blender create Mesh node 245
05:34:17 | INFO: Blender create Mesh node 246
05:34:17 | INFO: Blender create Mesh node 247
05:34:17 | INFO: Blender create Mesh node 248
05:34:17 | INFO: Blender create Mesh node 249
05:34:17 | INFO: Blender create Mesh node 250
05:34:17 | INFO: Blender create Mesh node 251
05:34:17 | INFO: Blender create Mesh node 252
05:34:17 | INFO: Blender create Mesh node 253
05:34:17 | INFO: Blender create Mesh node 254
05:34:17 | INFO: Blender create Mesh node 255
05:34:17 | INFO: Blender create Mesh node 256
05:34:17 | INFO: Blender create Mesh node 257
05:34:17 | INFO: Blender create Mesh node 258
05:34:17 | INFO: Blender create Mesh node 259
05:34:17 | INFO: Blender create Mesh node 260
05:34:17 | INFO: Blender create Mesh node 261
05:34:17 | INFO: Blender create Mesh node 262
05:34:17 | INFO: Blender create Mesh node 263
05:34:17 | INFO: Blender create Mesh node 264
05:34:17 | INFO: Blender create Mesh node 265
05:34:17 | INFO: Blender create Mesh node 266
05:34:17 | INFO: Blender create Mesh node 267
05:34:17 | INFO: Blender create Mesh node 268
05:34:17 | INFO: Blender create Mesh node 269
05:34:17 | INFO: Blender create Mesh node 270
05:34:17 | INFO: Blender create Mesh node 271
05:34:17 | INFO: Blender create Mesh node 272
05:34:17 | INFO: Blender create Mesh node 273
05:34:17 | INFO: Blender create Mesh node 274
05:34:17 | INFO: Blender create Mesh node 275
05:34:17 | INFO: Blender create Mesh node 276
05:34:17 | INFO: Blender create Mesh node 277
05:34:17 | INFO: Blender create Mesh node 278
05:34:17 | INFO: Blender create Mesh node 279
05:34:17 | INFO: Blender create Mesh node 280
05:34:17 | INFO: Blender create Mesh node 281
05:34:17 | INFO: Blender create Mesh node 282
05:34:17 | INFO: Blender create Mesh node 283
05:34:17 | INFO: Blender create Mesh node 284
05:34:17 | INFO: Blender create Mesh node 285
05:34:17 | INFO: Blender create Mesh node 286
05:34:17 | INFO: Blender create Mesh node 287
05:34:17 | INFO: Blender create Mesh node 288
05:34:17 | INFO: Blender create Mesh node 289
05:34:17 | INFO: Blender create Mesh node 290
05:34:17 | INFO: Blender create Mesh node 291
05:34:17 | INFO: Blender create Mesh node 292
05:34:17 | INFO: Blender create Mesh node 293
05:34:17 | INFO: Blender create Mesh node 294
05:34:17 | INFO: Blender create Mesh node 295
05:34:17 | INFO: Blender create Mesh node 296
05:34:17 | INFO: Blender create Mesh node 297
05:34:17 | INFO: Blender create Mesh node 298
05:34:17 | INFO: Blender create Mesh node 299
05:34:17 | INFO: Blender create Mesh node 300
05:34:17 | INFO: Blender create Mesh node 301
05:34:17 | INFO: Blender create Mesh node 302
05:34:17 | INFO: Blender create Mesh node 303
05:34:17 | INFO: Blender create Mesh node 304
05:34:17 | INFO: Blender create Mesh node 305
05:34:17 | INFO: Blender create Mesh node 306
05:34:17 | INFO: Blender create Mesh node 307
05:34:17 | INFO: Blender create Mesh node 308
05:34:17 | INFO: Blender create Mesh node 309
05:34:17 | INFO: Blender create Mesh node 310
05:34:17 | INFO: Blender create Mesh node 311
05:34:17 | INFO: Blender create Mesh node 312
05:34:17 | INFO: Blender create Mesh node 313
05:34:17 | INFO: Blender create Mesh node 314
05:34:17 | INFO: Blender create Mesh node 315
05:34:17 | INFO: Blender create Mesh node 316
05:34:17 | INFO: Blender create Mesh node 317
05:34:17 | INFO: Blender create Mesh node 318
05:34:17 | INFO: Blender create Mesh node 319
05:34:17 | INFO: Blender create Mesh node 320
05:34:17 | INFO: Blender create Mesh node 321
05:34:17 | INFO: Blender create Mesh node 322
05:34:17 | INFO: Blender create Mesh node 323
05:34:17 | INFO: Blender create Mesh node 324
05:34:17 | INFO: Blender create Mesh node 325
05:34:17 | INFO: Blender create Mesh node 326
05:34:17 | INFO: Blender create Mesh node 327
05:34:17 | INFO: Blender create Mesh node 328
05:34:17 | INFO: Blender create Mesh node 329
05:34:17 | INFO: glTF import finished in 0.24s
00:06.250  render           | Saved: '@workspace\work\world-bunk-detail-042\cpu-review-001\bunk-review.png'
Blender 5.1.2 (hash ec6e62d40fa9 built 2026-05-19 01:37:34)

Blender quit
