07:24:00 | INFO: Data are loaded, start creating Blender stuff
07:24:00 | INFO: Blender create Mesh node 0
07:24:00 | INFO: Blender create Mesh node 1
07:24:00 | INFO: Blender create Mesh node 2
07:24:00 | INFO: Blender create Mesh node 3
07:24:00 | INFO: Blender create Mesh node 4
07:24:00 | INFO: Blender create Mesh node 5
07:24:00 | INFO: Blender create Mesh node 6
07:24:00 | INFO: Blender create Mesh node 7
07:24:00 | INFO: Blender create Mesh node 8
07:24:00 | INFO: Blender create Mesh node 9
07:24:00 | INFO: Blender create Mesh node 10
07:24:00 | INFO: Blender create Mesh node 11
07:24:00 | INFO: Blender create Mesh node 12
07:24:00 | INFO: Blender create Mesh node 13
07:24:00 | INFO: Blender create Mesh node 14
07:24:00 | INFO: Blender create Mesh node 15
07:24:00 | INFO: Blender create Mesh node 16
07:24:00 | INFO: Blender create Mesh node 17
07:24:00 | INFO: Blender create Mesh node 18
07:24:00 | INFO: Blender create Mesh node 19
07:24:00 | INFO: Blender create Mesh node 20
07:24:00 | INFO: Blender create Mesh node 21
07:24:00 | INFO: Blender create Mesh node 22
07:24:00 | INFO: Blender create Mesh node 23
07:24:00 | INFO: Blender create Mesh node 24
07:24:00 | INFO: Blender create Mesh node 25
07:24:00 | INFO: Blender create Mesh node 26
07:24:00 | INFO: Blender create Mesh node 27
07:24:00 | INFO: Blender create Mesh node 28
07:24:00 | INFO: Blender create Mesh node 29
07:24:00 | INFO: Blender create Mesh node 30
07:24:00 | INFO: Blender create Mesh node 31
07:24:00 | INFO: Blender create Mesh node 32
07:24:00 | INFO: Blender create Mesh node 33
07:24:00 | INFO: Blender create Mesh node 34
07:24:00 | INFO: Blender create Mesh node 35
07:24:00 | INFO: Blender create Mesh node 36
07:24:00 | INFO: Blender create Mesh node 37
07:24:00 | INFO: Blender create Mesh node 38
07:24:00 | INFO: Blender create Mesh node 39
07:24:00 | INFO: Blender create Mesh node 40
07:24:00 | INFO: Blender create Mesh node 41
07:24:00 | INFO: Blender create Mesh node 42
07:24:00 | INFO: Blender create Mesh node 43
07:24:00 | INFO: Blender create Mesh node 44
07:24:00 | INFO: Blender create Mesh node 45
07:24:00 | INFO: Blender create Mesh node 46
07:24:00 | INFO: Blender create Mesh node 47
07:24:00 | INFO: Blender create Mesh node 48
07:24:00 | INFO: Blender create Mesh node 49
07:24:00 | INFO: Blender create Mesh node 50
07:24:00 | INFO: Blender create Mesh node 51
07:24:00 | INFO: Blender create Mesh node 52
07:24:00 | INFO: Blender create Mesh node 53
07:24:00 | INFO: Blender create Mesh node 54
07:24:00 | INFO: Blender create Mesh node 55
07:24:00 | INFO: Blender create Mesh node 56
07:24:00 | INFO: Blender create Mesh node 57
07:24:00 | INFO: Blender create Mesh node 58
07:24:00 | INFO: Blender create Mesh node 59
07:24:00 | INFO: Blender create Mesh node 60
07:24:00 | INFO: Blender create Mesh node 61
07:24:00 | INFO: Blender create Mesh node 62
07:24:00 | INFO: Blender create Mesh node 63
07:24:00 | INFO: Blender create Mesh node 64
07:24:00 | INFO: Blender create Mesh node 65
07:24:00 | INFO: Blender create Mesh node 66
07:24:00 | INFO: Blender create Mesh node 67
07:24:00 | INFO: Blender create Mesh node 68
07:24:00 | INFO: Blender create Mesh node 69
07:24:00 | INFO: Blender create Mesh node 70
07:24:00 | INFO: Blender create Mesh node 71
07:24:00 | INFO: Blender create Mesh node 72
07:24:00 | INFO: Blender create Mesh node 73
07:24:00 | INFO: Blender create Mesh node 74
07:24:00 | INFO: Blender create Mesh node 75
07:24:00 | INFO: Blender create Mesh node 76
07:24:00 | INFO: Blender create Mesh node 77
07:24:00 | INFO: Blender create Mesh node 78
07:24:00 | INFO: Blender create Mesh node 79
07:24:00 | INFO: Blender create Mesh node 80
07:24:00 | INFO: Blender create Mesh node 81
07:24:00 | INFO: Blender create Mesh node 82
07:24:00 | INFO: Blender create Mesh node 83
07:24:00 | INFO: Blender create Mesh node 84
07:24:00 | INFO: Blender create Mesh node 85
07:24:00 | INFO: Blender create Mesh node 86
07:24:00 | INFO: Blender create Mesh node 87
07:24:00 | INFO: Blender create Mesh node 88
07:24:00 | INFO: Blender create Mesh node 89
07:24:00 | INFO: Blender create Mesh node 90
07:24:00 | INFO: Blender create Mesh node 91
07:24:00 | INFO: Blender create Mesh node 92
07:24:00 | INFO: Blender create Mesh node 93
07:24:00 | INFO: Blender create Mesh node 94
07:24:00 | INFO: Blender create Mesh node 95
07:24:00 | INFO: Blender create Mesh node 96
07:24:00 | INFO: Blender create Mesh node 97
07:24:00 | INFO: Blender create Mesh node 98
07:24:00 | INFO: Blender create Mesh node 99
07:24:00 | INFO: Blender create Mesh node 100
07:24:00 | INFO: Blender create Mesh node 101
07:24:00 | INFO: Blender create Mesh node 102
07:24:00 | INFO: Blender create Mesh node 103
07:24:00 | INFO: Blender create Mesh node 104
07:24:00 | INFO: Blender create Mesh node 105
07:24:00 | INFO: Blender create Mesh node 106
07:24:00 | INFO: Blender create Mesh node 107
07:24:00 | INFO: Blender create Mesh node 108
07:24:00 | INFO: Blender create Mesh node 109
07:24:00 | INFO: Blender create Mesh node 110
07:24:00 | INFO: Blender create Mesh node 111
07:24:00 | INFO: Blender create Mesh node 112
07:24:00 | INFO: Blender create Mesh node 113
07:24:00 | INFO: Blender create Mesh node 114
07:24:00 | INFO: Blender create Mesh node 115
07:24:00 | INFO: Blender create Mesh node 116
07:24:00 | INFO: Blender create Mesh node 117
07:24:00 | INFO: Blender create Mesh node 118
07:24:00 | INFO: Blender create Mesh node 119
07:24:00 | INFO: Blender create Mesh node 120
07:24:00 | INFO: Blender create Mesh node 121
07:24:00 | INFO: Blender create Mesh node 122
07:24:00 | INFO: Blender create Mesh node 123
07:24:00 | INFO: Blender create Mesh node 124
07:24:00 | INFO: Blender create Mesh node 125
07:24:00 | INFO: Blender create Mesh node 126
07:24:00 | INFO: Blender create Mesh node 127
07:24:00 | INFO: Blender create Mesh node 128
07:24:00 | INFO: Blender create Mesh node 129
07:24:00 | INFO: Blender create Mesh node 130
07:24:00 | INFO: Blender create Mesh node 131
07:24:00 | INFO: Blender create Mesh node 132
07:24:00 | INFO: Blender create Mesh node 133
07:24:00 | INFO: Blender create Mesh node 134
07:24:00 | INFO: Blender create Mesh node 135
07:24:00 | INFO: Blender create Mesh node 136
07:24:00 | INFO: Blender create Mesh node 137
07:24:00 | INFO: Blender create Mesh node 138
07:24:00 | INFO: Blender create Mesh node 139
07:24:00 | INFO: Blender create Mesh node 140
07:24:00 | INFO: Blender create Mesh node 141
07:24:00 | INFO: Blender create Mesh node 142
07:24:00 | INFO: Blender create Mesh node 143
07:24:00 | INFO: Blender create Mesh node 144
07:24:00 | INFO: Blender create Mesh node 145
07:24:00 | INFO: Blender create Mesh node 146
07:24:00 | INFO: Blender create Mesh node 147
07:24:00 | INFO: Blender create Mesh node 148
07:24:00 | INFO: Blender create Mesh node 149
07:24:00 | INFO: Blender create Mesh node 150
07:24:00 | INFO: Blender create Mesh node 151
07:24:00 | INFO: Blender create Mesh node 152
07:24:00 | INFO: Blender create Mesh node 153
07:24:00 | INFO: Blender create Mesh node 154
07:24:00 | INFO: Blender create Mesh node 155
07:24:00 | INFO: Blender create Mesh node 156
07:24:00 | INFO: Blender create Mesh node 157
07:24:00 | INFO: Blender create Mesh node 158
07:24:00 | INFO: Blender create Mesh node 159
07:24:00 | INFO: Blender create Mesh node 160
07:24:00 | INFO: Blender create Mesh node 161
07:24:00 | INFO: Blender create Mesh node 162
07:24:00 | INFO: Blender create Mesh node 163
07:24:00 | INFO: Blender create Mesh node 164
07:24:00 | INFO: Blender create Mesh node 165
07:24:00 | INFO: Blender create Mesh node 166
07:24:00 | INFO: Blender create Mesh node 167
07:24:00 | INFO: Blender create Mesh node 168
07:24:00 | INFO: Blender create Mesh node 169
07:24:00 | INFO: Blender create Mesh node 170
07:24:00 | INFO: Blender create Mesh node 171
07:24:00 | INFO: Blender create Mesh node 172
07:24:00 | INFO: Blender create Mesh node 173
07:24:00 | INFO: Blender create Mesh node 174
07:24:00 | INFO: Blender create Mesh node 175
07:24:00 | INFO: Blender create Mesh node 176
07:24:00 | INFO: Blender create Mesh node 177
07:24:00 | INFO: Blender create Mesh node 178
07:24:00 | INFO: Blender create Mesh node 179
07:24:00 | INFO: Blender create Mesh node 180
07:24:00 | INFO: Blender create Mesh node 181
07:24:00 | INFO: Blender create Mesh node 182
07:24:00 | INFO: Blender create Mesh node 183
07:24:00 | INFO: Blender create Mesh node 184
07:24:00 | INFO: Blender create Mesh node 185
07:24:00 | INFO: Blender create Mesh node 186
07:24:00 | INFO: Blender create Mesh node 187
07:24:00 | INFO: Blender create Mesh node 188
07:24:00 | INFO: Blender create Mesh node 189
07:24:00 | INFO: Blender create Mesh node 190
07:24:00 | INFO: Blender create Mesh node 191
07:24:00 | INFO: Blender create Mesh node 192
07:24:00 | INFO: Blender create Mesh node 193
07:24:00 | INFO: Blender create Mesh node 194
07:24:00 | INFO: Blender create Mesh node 195
07:24:00 | INFO: Blender create Mesh node 196
07:24:00 | INFO: Blender create Mesh node 197
07:24:00 | INFO: Blender create Mesh node 198
07:24:00 | INFO: Blender create Mesh node 199
07:24:00 | INFO: Blender create Mesh node 200
07:24:00 | INFO: Blender create Mesh node 201
07:24:00 | INFO: Blender create Mesh node 202
07:24:00 | INFO: Blender create Mesh node 203
07:24:00 | INFO: Blender create Mesh node 204
07:24:00 | INFO: Blender create Mesh node 205
07:24:00 | INFO: Blender create Mesh node 206
07:24:00 | INFO: Blender create Mesh node 207
07:24:00 | INFO: Blender create Mesh node 208
07:24:00 | INFO: Blender create Mesh node 209
07:24:00 | INFO: Blender create Mesh node 210
07:24:00 | INFO: Blender create Mesh node 211
07:24:00 | INFO: Blender create Mesh node 212
07:24:00 | INFO: Blender create Mesh node 213
07:24:00 | INFO: Blender create Mesh node 214
07:24:00 | INFO: Blender create Mesh node 215
07:24:00 | INFO: Blender create Mesh node 216
07:24:00 | INFO: Blender create Mesh node 217
07:24:00 | INFO: Blender create Mesh node 218
07:24:00 | INFO: Blender create Mesh node 219
07:24:00 | INFO: Blender create Mesh node 220
07:24:00 | INFO: Blender create Mesh node 221
07:24:00 | INFO: Blender create Mesh node 222
07:24:00 | INFO: Blender create Mesh node 223
07:24:00 | INFO: Blender create Mesh node 224
07:24:00 | INFO: Blender create Mesh node 225
07:24:00 | INFO: Blender create Mesh node 226
07:24:00 | INFO: Blender create Mesh node 227
07:24:00 | INFO: Blender create Mesh node 228
07:24:00 | INFO: Blender create Mesh node 229
07:24:00 | INFO: Blender create Mesh node 230
07:24:00 | INFO: Blender create Mesh node 231
07:24:00 | INFO: Blender create Mesh node 232
07:24:00 | INFO: Blender create Mesh node 233
07:24:00 | INFO: Blender create Mesh node 234
07:24:00 | INFO: Blender create Mesh node 235
07:24:00 | INFO: Blender create Mesh node 236
07:24:00 | INFO: Blender create Mesh node 237
07:24:00 | INFO: Blender create Mesh node 238
07:24:00 | INFO: Blender create Mesh node 239
07:24:00 | INFO: Blender create Mesh node 240
07:24:00 | INFO: Blender create Mesh node 241
07:24:00 | INFO: Blender create Mesh node 242
07:24:00 | INFO: Blender create Mesh node 243
07:24:00 | INFO: Blender create Mesh node 244
07:24:00 | INFO: Blender create Mesh node 245
07:24:00 | INFO: Blender create Mesh node 246
07:24:00 | INFO: Blender create Mesh node 247
07:24:00 | INFO: Blender create Mesh node 248
07:24:00 | INFO: Blender create Mesh node 249
07:24:00 | INFO: Blender create Mesh node 250
07:24:00 | INFO: Blender create Mesh node 251
07:24:00 | INFO: Blender create Mesh node 252
07:24:00 | INFO: Blender create Mesh node 253
07:24:00 | INFO: Blender create Mesh node 254
07:24:00 | INFO: Blender create Mesh node 255
07:24:00 | INFO: Blender create Mesh node 256
07:24:00 | INFO: Blender create Mesh node 257
07:24:00 | INFO: Blender create Mesh node 258
07:24:00 | INFO: Blender create Mesh node 259
07:24:00 | INFO: Blender create Mesh node 260
07:24:00 | INFO: Blender create Mesh node 261
07:24:00 | INFO: Blender create Mesh node 262
07:24:00 | INFO: Blender create Mesh node 263
07:24:00 | INFO: Blender create Mesh node 264
07:24:00 | INFO: Blender create Mesh node 265
07:24:00 | INFO: Blender create Mesh node 266
07:24:00 | INFO: Blender create Mesh node 267
07:24:00 | INFO: Blender create Mesh node 268
07:24:00 | INFO: Blender create Mesh node 269
07:24:00 | INFO: Blender create Mesh node 270
07:24:00 | INFO: Blender create Mesh node 271
07:24:00 | INFO: Blender create Mesh node 272
07:24:00 | INFO: Blender create Mesh node 273
07:24:01 | INFO: Blender create Mesh node 274
07:24:01 | INFO: Blender create Mesh node 275
07:24:01 | INFO: Blender create Mesh node 276
07:24:01 | INFO: Blender create Mesh node 277
07:24:01 | INFO: Blender create Mesh node 278
07:24:01 | INFO: Blender create Mesh node 279
07:24:01 | INFO: Blender create Mesh node 280
07:24:01 | INFO: Blender create Mesh node 281
07:24:01 | INFO: Blender create Mesh node 282
07:24:01 | INFO: Blender create Mesh node 283
07:24:01 | INFO: Blender create Mesh node 284
07:24:01 | INFO: Blender create Mesh node 285
07:24:01 | INFO: Blender create Mesh node 286
07:24:01 | INFO: Blender create Mesh node 287
07:24:01 | INFO: Blender create Mesh node 288
07:24:01 | INFO: Blender create Mesh node 289
07:24:01 | INFO: Blender create Mesh node 290
07:24:01 | INFO: Blender create Mesh node 291
07:24:01 | INFO: Blender create Mesh node 292
07:24:01 | INFO: Blender create Mesh node 293
07:24:01 | INFO: Blender create Mesh node 294
07:24:01 | INFO: Blender create Mesh node 295
07:24:01 | INFO: Blender create Mesh node 296
07:24:01 | INFO: Blender create Mesh node 297
07:24:01 | INFO: Blender create Mesh node 298
07:24:01 | INFO: Blender create Mesh node 299
07:24:01 | INFO: Blender create Mesh node 300
07:24:01 | INFO: Blender create Mesh node 301
07:24:01 | INFO: Blender create Mesh node 302
07:24:01 | INFO: Blender create Mesh node 303
07:24:01 | INFO: Blender create Mesh node 304
07:24:01 | INFO: Blender create Mesh node 305
07:24:01 | INFO: Blender create Mesh node 306
07:24:01 | INFO: Blender create Mesh node 307
07:24:01 | INFO: Blender create Mesh node 308
07:24:01 | INFO: Blender create Mesh node 309
07:24:01 | INFO: Blender create Mesh node 310
07:24:01 | INFO: Blender create Mesh node 311
07:24:01 | INFO: Blender create Mesh node 312
07:24:01 | INFO: Blender create Mesh node 313
07:24:01 | INFO: Blender create Mesh node 314
07:24:01 | INFO: Blender create Mesh node 315
07:24:01 | INFO: Blender create Mesh node 316
07:24:01 | INFO: Blender create Mesh node 317
07:24:01 | INFO: Blender create Mesh node 318
07:24:01 | INFO: Blender create Mesh node 319
07:24:01 | INFO: Blender create Mesh node 320
07:24:01 | INFO: Blender create Mesh node 321
07:24:01 | INFO: Blender create Mesh node 322
07:24:01 | INFO: Blender create Mesh node 323
07:24:01 | INFO: Blender create Mesh node 324
07:24:01 | INFO: Blender create Mesh node 325
07:24:01 | INFO: Blender create Mesh node 326
07:24:01 | INFO: Blender create Mesh node 327
07:24:01 | INFO: Blender create Mesh node 328
07:24:01 | INFO: Blender create Mesh node 329
07:24:01 | INFO: Blender create Mesh node 330
07:24:01 | INFO: Blender create Mesh node 331
07:24:01 | INFO: Blender create Mesh node 332
07:24:01 | INFO: Blender create Mesh node 333
07:24:01 | INFO: Blender create Mesh node 334
07:24:01 | INFO: Blender create Mesh node 335
07:24:01 | INFO: Blender create Mesh node 336
07:24:01 | INFO: Blender create Mesh node 337
07:24:01 | INFO: Blender create Mesh node 338
07:24:01 | INFO: Blender create Mesh node 339
07:24:01 | INFO: Blender create Mesh node 340
07:24:01 | INFO: Blender create Mesh node 341
07:24:01 | INFO: Blender create Mesh node 342
07:24:01 | INFO: Blender create Mesh node 343
07:24:01 | INFO: Blender create Mesh node 344
07:24:01 | INFO: Blender create Mesh node 345
07:24:01 | INFO: Blender create Mesh node 346
07:24:01 | INFO: Blender create Mesh node 347
07:24:01 | INFO: Blender create Mesh node 348
07:24:01 | INFO: Blender create Mesh node 349
07:24:01 | INFO: Blender create Mesh node 350
07:24:01 | INFO: Blender create Mesh node 351
07:24:01 | INFO: Blender create Mesh node 352
07:24:01 | INFO: Blender create Mesh node 353
07:24:01 | INFO: Blender create Mesh node 354
07:24:01 | INFO: Blender create Mesh node 355
07:24:01 | INFO: Blender create Mesh node 356
07:24:01 | INFO: Blender create Mesh node 357
07:24:01 | INFO: Blender create Mesh node 358
07:24:01 | INFO: Blender create Mesh node 359
07:24:01 | INFO: Blender create Mesh node 360
07:24:01 | INFO: Blender create Mesh node 361
07:24:01 | INFO: Blender create Mesh node 362
07:24:01 | INFO: Blender create Mesh node 363
07:24:01 | INFO: Blender create Mesh node 364
07:24:01 | INFO: Blender create Mesh node 365
07:24:01 | INFO: Blender create Mesh node 366
07:24:01 | INFO: Blender create Mesh node 367
07:24:01 | INFO: glTF import finished in 0.25s
00:06.563  render           | Saved: '@workspace\work\world-galley-detail-045\cpu-review-001\galley-review.png'
Blender 5.1.2 (hash ec6e62d40fa9 built 2026-05-19 01:37:34)

Blender quit
